version https://git-lfs.github.com/spec/v1
oid sha256:b3c2f7ac6578125f6b24bf0357ca4ec7a254a45a4dcd2a8737c03bf7a3d27e21
size 271
