version https://git-lfs.github.com/spec/v1
oid sha256:359bfd1642a99f97e6aab77d5efe15f877d053723321a09822e3a04878653bc7
size 174
