version https://git-lfs.github.com/spec/v1
oid sha256:ef7535757a545b75db3752b50aa1b0c954657c47ef8798547b3168f13d07a0c0
size 348
