version https://git-lfs.github.com/spec/v1
oid sha256:3eb44af69667b3cb0ab601f49d24de2ed324f2fa7cd231778192945efe20bdf5
size 165
