version https://git-lfs.github.com/spec/v1
oid sha256:1e905ebb9764ae404a25a67e713f7e4de286a55082b7794e91111de488352da6
size 324
