version https://git-lfs.github.com/spec/v1
oid sha256:2cae39d16f1f374380b3672d26962085fd28d128423c183507e895c021fa3504
size 21
