version https://git-lfs.github.com/spec/v1
oid sha256:14c5717d056f9bfe6291ad4bf3ec49222e3c51f33e0a8755b759b74f8a0537aa
size 12
