version https://git-lfs.github.com/spec/v1
oid sha256:f8700bc342cec79cab794a672e7dd00b9bb04ae968f803a2b403dd07e158b57d
size 16
