version https://git-lfs.github.com/spec/v1
oid sha256:cbfee8e82ea0d034cd059f50f3a743cee4e39c9ce9635c7b3f535c411a5e9703
size 31
