version https://git-lfs.github.com/spec/v1
oid sha256:06f350cfd691f78d8fa070f0fdbe6db6c9d2a3e44a0988488b3415dd68afc3c6
size 6
