version https://git-lfs.github.com/spec/v1
oid sha256:47c8c4e91f62b3f2ad28324105ffe52c67248cfcf11f42e76411beffe81fdba6
size 15
