version https://git-lfs.github.com/spec/v1
oid sha256:76c7e430e3c689fd762e0d52c2dcbe024c7448a28fcdd47cb5c15d6b84db722d
size 24
