version https://git-lfs.github.com/spec/v1
oid sha256:1baa9c136cbe65fb166b0126704a73a81bf8d9505c21c868b96c44caeff556e8
size 39
