version https://git-lfs.github.com/spec/v1
oid sha256:606372eab7c65f45f16b60fa4dd8bd7372e63ea553e2b78cf43872976d278d8d
size 57
