version https://git-lfs.github.com/spec/v1
oid sha256:b63326feaa0e986392350d319532d52deef97fc81178fb13593af6ccc37b8841
size 22
