version https://git-lfs.github.com/spec/v1
oid sha256:03ca0f1489e8e834f609a2bd5188ef758fa0f71b8a3f1011ab0efb3a288fee32
size 15
