version https://git-lfs.github.com/spec/v1
oid sha256:08277b4d064457f1a29629a55bcaf4cfb2e0d1901d60b55e4150a110c8bd6e5c
size 69
