version https://git-lfs.github.com/spec/v1
oid sha256:dce2bdddea76832f7af82f6938f0db184783cac195842e1dd62777cee6b6ba1c
size 50
