version https://git-lfs.github.com/spec/v1
oid sha256:c22eca0edc50256f4cea2182b2821dba82d6bd564fe5b5716039f990b7538334
size 49
