version https://git-lfs.github.com/spec/v1
oid sha256:e6f65c2819cf3e80bdf726682633a489ff9f2d46a05af29cf9098367ddc38aa3
size 296
