version https://git-lfs.github.com/spec/v1
oid sha256:9288b3dad81629fc8d56fa6a7813d6b4a4ad590656a4a5e2405b442de92ff840
size 161
