version https://git-lfs.github.com/spec/v1
oid sha256:d49a89c3dfedfd38d48ac89942a93d406d5972962a7cc735ab94412a4747ff55
size 130
