version https://git-lfs.github.com/spec/v1
oid sha256:09ddcb3d80a7ccfc0a81371ce66451334c34f0ef47d73ad4c08898ac179e84eb
size 17
