version https://git-lfs.github.com/spec/v1
oid sha256:41a195565efb9bda730129fa395b585914cad72ec4cd7b05d9656d7c4c9bc712
size 15
