version https://git-lfs.github.com/spec/v1
oid sha256:54391a9c73e7ce16be3e010843cababcaaab43367a3167f50a5c8cba636ffb7a
size 6
