version https://git-lfs.github.com/spec/v1
oid sha256:7ecf1fe3a9bc682244a72506c3bb3a958c2a53c43b67ec57af6667f09243a4e2
size 33
