version https://git-lfs.github.com/spec/v1
oid sha256:8ecfa474e1323b2c94ccc8a297a14eb3058804d156c1e1b0af6ee2d06b440aa6
size 15
