version https://git-lfs.github.com/spec/v1
oid sha256:a6ef91a7f1a3c8ae2434007b01eae32493ea5027c23d3bc30d86853f1bcbb278
size 30
