version https://git-lfs.github.com/spec/v1
oid sha256:da8cae9e0a597f251b74a16d7ca1ecfedd09e7d5ad11733f38566f0e97b2eb9c
size 21
