version https://git-lfs.github.com/spec/v1
oid sha256:b56369be153efffc4b38e8dd6c736a3c41e2fe0d81d8220f301b30ee89d61e49
size 7
