version https://git-lfs.github.com/spec/v1
oid sha256:18babc15f1e35e591afbbc2fd178807d8145312f73184d80924c8d69ca2febcf
size 15
