version https://git-lfs.github.com/spec/v1
oid sha256:1f5dc973ca7d291fc215088ac1a2ff98c4759486e2952fb0b7b48197c1d01cfb
size 38
