version https://git-lfs.github.com/spec/v1
oid sha256:c8fe37a6af1de687c9754a640863b1f98c268c8739c59f2b5c33a16cef728340
size 88
