version https://git-lfs.github.com/spec/v1
oid sha256:5f94cf902298b75a299abfdb311259160cd57374933396d92788c97822ba792b
size 9
