version https://git-lfs.github.com/spec/v1
oid sha256:c4ed5c602ba153a8f23b4cc40b64261fda9e16e6a00afde25a88e9fed6ee1b12
size 14
