version https://git-lfs.github.com/spec/v1
oid sha256:d2e9f5bfcfbfee19bd861cabddb5907b05c495feec14da60f3dded27ffa615f3
size 68
