version https://git-lfs.github.com/spec/v1
oid sha256:8a5b314d8352355bc8aebcff288d5c4b8faae1be39e331773427bcee5f754555
size 5
