version https://git-lfs.github.com/spec/v1
oid sha256:1324f868ecc52de8ad3f1ddb94af5dd2622dfa8b97a3c52fb5c01a6bf453ea95
size 31
