version https://git-lfs.github.com/spec/v1
oid sha256:4672de23677b2de1ccd95896c910aa4274f7010c7fab59b565a89e1ec2c2f1d8
size 48
