version https://git-lfs.github.com/spec/v1
oid sha256:4d1e69c60af7d60b1dee4be714890ebce8d3872ec4d4b683bcc0f09d930302cf
size 59
