version https://git-lfs.github.com/spec/v1
oid sha256:4d28d5e93f7d66b5838e5fc539cf8a8febd60856f7dfb01b089f26e59a313ad1
size 47
