version https://git-lfs.github.com/spec/v1
oid sha256:c14690925736018534a20138f97f4212551c1537b50dc9a568aea9e0973894cd
size 84
