version https://git-lfs.github.com/spec/v1
oid sha256:4b01620163440989a0be7cf533e9b5f73fb0d4abd77772f8e92ba0c67124ed22
size 16
