version https://git-lfs.github.com/spec/v1
oid sha256:eb3f4056833c93f51812217ce7b80666024efa14980beaf90dd2030cc41434be
size 60
