version https://git-lfs.github.com/spec/v1
oid sha256:bd1e8ad0ca122b4042ac4a31376509c54861c453211d775a041b3512f3132f32
size 16
