version https://git-lfs.github.com/spec/v1
oid sha256:16647954c146404e2b7418ad84f45ea5430a2b844ae367ccb8ad371b8b8465f5
size 3
