version https://git-lfs.github.com/spec/v1
oid sha256:2514c8ef3273192bc6af3246fe40389dcc11dae7f47f33c8e18effaa9f1b30d5
size 130
