version https://git-lfs.github.com/spec/v1
oid sha256:5b1c48ed029b2136b23feed17065a7fbab1093f715e70f6afc76fe4787dac67c
size 249
