version https://git-lfs.github.com/spec/v1
oid sha256:137cabb2420721dcc33c15d815a6715c03df6dd4ff217c37eef660a869eea2ec
size 55
