version https://git-lfs.github.com/spec/v1
oid sha256:c143ae0f4687af6f95c3f05b69b53fa648d5e376e632e85d66d8741794cd005a
size 183
